INSERT INTO config (source, target, pkey, condition, batchsize, trunc) VALUES
    ('source.withkeywords', 'public.withkeywords', 'id', null, null, true);
INSERT 0 1
SELECT target, invocation FROM plan('{public.withkeywords}');
       target        |       invocation        
---------------------+-------------------------
 public.withkeywords | CALL assistant.copy(7);
(1 row)

-- copy(7) should succeed and "limit" must be quoted
CALL copy(7);
NOTICE:  Executing: TRUNCATE public.withkeywords
NOTICE:  Executing: SELECT count(id) FROM source.withkeywords WHERE id > 0 
NOTICE:  Executing: INSERT INTO public.withkeywords SELECT id, "limit" FROM source.withkeywords WHERE id > 0  ORDER BY id 
CALL
